// Jest Snapshot v1, https://goo.gl/fbAQLP

exports[`components/Table/TableRow Primary smoke-test 1`] = `
<div class="MuiPaper-root MuiPaper-elevation MuiPaper-rounded MuiPaper-elevation1 MuiTableContainer-root css-xpjyhy-MuiPaper-root-MuiTableContainer-root">
  <tr class="MuiTableRow-root MuiTableRow-hover css-dvunen-MuiTableRow-root">
    <td class="MuiTableCell-root MuiTableCell-sizeMedium css-bsph2u-MuiTableCell-root">
      Value1
    </td>
    <td class="MuiTableCell-root MuiTableCell-sizeMedium css-bsph2u-MuiTableCell-root">
      Value2
    </td>
    <td class="MuiTableCell-root MuiTableCell-sizeMedium css-bsph2u-MuiTableCell-root">
      Value3
    </td>
  </tr>
</div>
`;
