// Jest Snapshot v1, https://goo.gl/fbAQLP

exports[`components/Dialog Cancel smoke-test 1`] = `""`;

exports[`components/Dialog Primary smoke-test 1`] = `""`;
