// Jest Snapshot v1, https://goo.gl/fbAQLP

exports[`Example/SampleComponent Primary smoke-test 1`] = `
<div data-overlay-container="true">
  ドキュメント
</div>
`;
