// Jest Snapshot v1, https://goo.gl/fbAQLP

exports[`recipes/components/AddRecipeDialog Primary smoke-test 1`] = `""`;
