// Jest Snapshot v1, https://goo.gl/fbAQLP

exports[`Example/MuiButton Primary smoke-test 1`] = `
<button class="MuiButtonBase-root MuiButton-root MuiButton-contained MuiButton-containedPrimary MuiButton-sizeMedium MuiButton-containedSizeMedium MuiButton-root MuiButton-contained MuiButton-containedPrimary MuiButton-sizeMedium MuiButton-containedSizeMedium css-vbxad1-MuiButtonBase-root-MuiButton-root"
        tabindex="0"
        type="button"
>
  Button
  <span class="MuiTouchRipple-root css-8je8zh-MuiTouchRipple-root">
  </span>
</button>
`;
