// Jest Snapshot v1, https://goo.gl/fbAQLP

exports[`RecipeSurvey/recipes/components/SearchField Primary smoke-test 1`] = `
<div class="MuiFormControl-root MuiFormControl-marginNormal MuiFormControl-fullWidth MuiTextField-root css-17vbkzs-MuiFormControl-root-MuiTextField-root">
  <label class="MuiFormLabel-root MuiInputLabel-root MuiInputLabel-formControl MuiInputLabel-animated MuiInputLabel-shrink MuiInputLabel-sizeMedium MuiInputLabel-standard MuiFormLabel-colorPrimary MuiFormLabel-filled MuiInputLabel-root MuiInputLabel-formControl MuiInputLabel-animated MuiInputLabel-shrink MuiInputLabel-sizeMedium MuiInputLabel-standard css-zx681a-MuiFormLabel-root-MuiInputLabel-root"
         data-shrink="true"
         for=":r0:"
         id=":r0:-label"
  >
    検索
  </label>
  <div class="MuiInputBase-root MuiInput-root MuiInput-underline MuiInputBase-colorPrimary MuiInputBase-fullWidth MuiInputBase-formControl MuiInputBase-adornedEnd css-se4mu1-MuiInputBase-root-MuiInput-root">
    <input aria-invalid="false"
           id=":r0:"
           class="MuiInputBase-input MuiInput-input MuiInputBase-inputAdornedEnd css-1x51dt5-MuiInputBase-input-MuiInput-input"
           type="text"
           value="バッテリー"
    >
    <div class="MuiInputAdornment-root MuiInputAdornment-positionEnd MuiInputAdornment-standard MuiInputAdornment-sizeMedium css-1laqsz7-MuiInputAdornment-root">
      <svg class="MuiSvgIcon-root MuiSvgIcon-fontSizeMedium css-i4bv87-MuiSvgIcon-root"
           focusable="false"
           aria-hidden="true"
           viewbox="0 0 24 24"
           data-testid="SearchIcon"
      >
        <path d="M15.5 14h-.79l-.28-.27C15.41 12.59 16 11.11 16 9.5 16 5.91 13.09 3 9.5 3S3 5.91 3 9.5 5.91 16 9.5 16c1.61 0 3.09-.59 4.23-1.57l.27.28v.79l5 4.99L20.49 19zm-6 0C7.01 14 5 11.99 5 9.5S7.01 5 9.5 5 14 7.01 14 9.5 11.99 14 9.5 14">
        </path>
      </svg>
    </div>
  </div>
</div>
`;
